
      * * * *   *   * *   * *     *     *   *           *   *   * *   * *   * * * * *     * * * * * * * *     * *       *   *   * * * * * *     * * * * * * * *   *     * * *   *       *   *           
  *   *   *   *   *       *   * * * * *   *       * *     *   * *     *         * * *             *     * * * * *   * *     * * * * *   * *   * *   *       *             * * * * * * * *   * * *     * 
  *   * * * *   *   * * *   *     *     * * *     * * * *     * *     * *   *     * *   * * * * *   * *   * * *   * * * *       *     * * * *     * *     * * * *   *   * * *       * *       *     * * 
  * * *   * *   * * * *   * * * *     * *     *         *     *     *   *   * * * *       *     * * *     * *     * * * *   * *           *       * * * * * * * * * * *         * * * *       *       * 
  *   *   * *   *           * * * * * *     *     *   * *     * *         *   *   *         * *   * *             *   *   * *       * * * * * * * *       *   *   * * *     *   *   * *   * * *   * * * 
      *       *   * * * * *       *   *     *   *   * * *   * *   *         *       *   *         *     *     * *     * * * *       *   *     * * *   * * * *     * * * *       *   * *   *   *     *   
    * * * * *   * * * * * *     * * *   * * *   *       * * *         *     * * *         *     *   * *   *   *       * * * *   * * * *       *   *   * *   * * * *     *       *   * * * *       *     
* *   * *           *   * *     * *     *   * *       *     * *     *         * *           *     *     *   * *   * *             *     * * * * * * *     * * *         *   *   * * *   * *     * * *   
      *       *     *           *   * *   *   *             * * * * *   *   * *     * * *   * *   * *   * *   *     * * *     *           * * *   * * *   *   *     * * * * * *           * *       *   
  *   * * *       *   *   *   *     *                 * *   *   * * *     * *     *   * *   * *       * *   *     * *   *     * *     * *   *               * * *   *     * * * *   *   * *     * *     
*       *             *   *   *     *     *   * * *   * *   * * *     *   *                     *           *   *       * *   *           *   *       *     *     *       * * *     *   *   *     * * * 
    *     *   *     * * *   * * *   *   *             * * *   * * *   * * *         *         *   *   *   *   * * * * *     * * *   *   * *       *                     * *   * *       * *   * *     * 
    *   *     *   *     *       * *   * * * *   * *   * * *         *   *     * *   * *     * * *       * * * *     *       * *   * *   * *           * * *       * *   * * *   *   *     *     * *   * 
      * *   *   *     *   *     * * * *   * * * * * *   * * *     *         *   *   *   * *           *   * * * *     * *   * * * * * *     * * * * * *       * *     * * * * * *       * *     * * *   
              * *     *   *       *     * *                 *             *       * *   *   *     *   *     * * * *   * *   *     *   * *   *   * *   *     * * * * * * *   * *       *   * *   * * *   
* * * *   * * *     * * * * *     *     * * * * *   *   * *         * * * * * * *     *     * * *   *     * *         *   *           * * * *   *   *   *           *   * * *     *       * * *       * 
*     *         *   *   * * * * * * *   *   *         *     * *       * *     * * * * * * *   *         * * *         *   * * * * *     *       * *   * *   * *     *   *   * * *     *     *   *       
    * *       * *   *       *       * * * * * * * * * *   * * *       * *     * *   * *   *   * *     * *   *   * * *   *           * *           * * * * *           * *           *   *   * *       * 
* *     *     * * *           * * * *   *   * *     * *   * *         *     *     *     * * * * * *         * * * * *     *       * *           *   * * * *         * *       * * * * *   *   *     *   
* *   *     *     *   * * *     *   * *   * * *   *   *     *   * * *                   * * *   *   *       * * * * *     *     * * * *     * *   * * *   * * *   *   * *   *     *   *   * * * * * * * 
  * *   * * *       *     *       * * *   * * *           *   * *   *       *     *   * *   * *       * * *   * *   *   * * * * *       * *   * * * *   *                     *       * * * *     *     
* * * * *   * * *     * * *       *     *     *       * *             * *         *   * *         * *   *     *         *       *   *     *               *   *     * * * * *   *   * *   *     * *   * 
  *   *   * * *   * *             *   *         * *       *   * *     * * * * * *   * * * *             * * * * * *     * *   *     * *       *       *         * *       * * * *       * * *     *     
* * *           *   * *   *   *   * * * * *       * * * * *       *   * *   * * * *       * *   * * * *   * * *   * * * * * *     * * *   * * *   *       *   *         *   * *   *       *   * * * *   
* *             *   * * *       * * *   * *   *   * * * *     *   * *   * *       * *     * *   * * * * * *   *           * *     * * * *   * * * *     * * *   * *       * *       * * *   *       *   
      *   *       *   * * * *   *             *   * *     * *   *         * *   *     * *     *         * * * * *   * *   * * * *   *   *   *       *   * *   *       * * * *   * * *     * *       *   
  * * *     *     *     *     * * *   *     *   * *   *   * *           * * *       * *     *         *       * *   *     *     *   * * *     *         * *     *     * *   *       *   * *     *   *   
* *     * *     *   *                   * * * * * * *   * *   * *     * * * * * *     *   * * * * * * *   *     * * * *   * * *   *     * * * * * * * *   *           *   *   * *     * *         * * * 
* *   *     *   *         * * *     *     *   *     *   *   * *   * *     * * * *   *     *     *   * *   * * *     * *       * * *         *   * * * *     *     *   *     * *   * * *       * * *   * 
* * *   * *     * * * * *     *                 * * *     *     * * * *   * * * * * *   *       * * *   * *     *   * *       * *   *       *     *       * * * *     * * * *   *       *   *   *   * * 
*     * * * *       *   *   *   *   *       *         *   *     *   *   *   * * * *             * * *   *   *       *       * *     * *           * * * *     *       * * * * *   *   *       *   * *   
* * *   * *         * *   * *   * * *     *   * * * * * * * *     * * *   * * * *   * *   *   * *           * * *   *         *               *   *   *     *     *   *   * * *       * *   *   * * *   
      * *   * * * * * *   * *     * *   * * * *   *   *     * *     * * * *   * *   *   *   * *       *   * * *     * *   * *   * * * * *     * * * *     * *   *       *     * * * * * *   * *   *     
*   * *   * * *   * *   *   *     * * * * *       *   * * * *       * *     * * * *   * *   *   * *   * * * * * *   * * * * *   * * *       *           * * *   * * * * * *       * *     *   * *   * * 
* *             *   * *     * *         * *   *         * * * *     *           * *       *   * * *   *   *     * * *     *     *         * *   * *   *   *   * *   *   *     * * * * * * * *   * * * * 
    *   * * * * * *   * * *           *           * *     * *       * *   * *   * * * *   * * *   * * * * * *   *     *     *   * *       *   * * *   * * *     *     * * *   *     *   *   *         * 
  *           *   *     * *     * *   * *   *   * *     * *   * * * *             *         * *   *         * *     *       * * *         *         *       * *   * *   *   *       *     * * *   *     
*     *           *   * * * * *   * *   *             *   * * *   *       * * * * * *   *     *   * * *   *   *   *   *     * *   * * * * * * *       *   * *     *   * *     * *   * * * * *           
  * *         * * * *           *     *     * *         *   * * *       * *             *     * * *   *   *         *   *   *       *   * * *       * * * *   * *     * * *     * *         *   *       
    *   *   *   *   * *   * *   * *     * * * * * * * *     *       * *   *   * * *       * * *   * *   *     * * *   * *   * * *   * * * * *       *     *     *     *   *   *   *     * *   *   *     
* * *   *     * * *                     * *   * *       *     * *   * * * *   *       * * *       *   *     *       *     * *   * *     * * * * * * * * * * *     * *     * *     * *   * *           * 
    *     *       * *   *     * *   * * * * *     *     * * *         *   * *   *   * * * *   *       *   * * *     * *     *   * *       *     *       *           * * * *   *           * *         * 
* *       * *   * *   * *   * *   *     *   *   * *   *   *   *   *         *   * *     * *     *               * * *   *         *   *     *         *       * *     *       *       *   * * * * *     
*     * *     * * *   * * *   * *     * *   * * * * * *   *   *   *       *   *   * *     *   *   *       * *   *   * *   * *         * * * *   *     * *       *     *   * * * *       *       * *   * 
* *       *   *     * *   *     * *   * * * *         *     *     * * * *   *   *       * * *   * * *   * * *       *     * *       * *             * * * * * *     * * * *   *   * * *   * *         * 
        *         *       * * *       *         * * *   * * *   *       * * * *             * * * *   *     *       *   *   * * *               * *     *   *   *     * *     *     * *   *     * * * * 
*     * * * *   *   *     *     *       * * *   *   * * *     *     * * * * *   *   * *     *         *   * *   *       * *   * * * *       *   *     *     *   * * *     * * *   *   *   * *   *   *   
  * * * *           * * * * *                   *     *   * *     * *       * *     *         *         * *   * * * *   * *   *   * *   * *   *           * *         *   * * * *   *   * * *   * * *   
* *   * *   *       * *     * *     * *   *   *     *     * * * *   *             * *   * *   * * * *   *   * *     * * *   *   *   *       *     *   * *   * *         * * *   * * *   *   * *   * * * 
  *   *                 *         *   *   *   *   *     *   * *       *           *   *     *     *   * *       * *   *             *   * * *         * * * * * *   *     * *   * *   *       * *     * 
*     * * * * *   *   *   *         * *   * * *       *       * *   *     * *   *       *   *   *   * * *   * * * * *   * *   *             *   * *     *   *             *             *   *     * * * 
* * * * *     * *         * * *   *   * *     *     * * * * *   *   * *       * *         *     *   * *   * * *   * * *     *       * *   * *   *     * * * * * * *   *   *       * * * *     *     *   
    *     *   * * * *   *   * * * *   *       *   * * * * *     * *   *   *     * * * * * * *             * * *   *   *     * *   *   * *     * * * *       * *     * * * *         * *       *     *   
      *     * * * *   * * *     *       * * *         * *     *       *     *   * *   *   *     * * * * *   * * * * * *   * * * *     * *       * *   * *       * *   *   *   * *   *       * * *   * * 
* *   * * * * *     *     *           *   * *   *   * * *   *   *   * *   *   *   * * *   *       *           *     * *         *     *         * *     * *     * *     *   * *   * *     * *     *   * 
* * *   *   * *   * * * *             *   *     * *       *               * * * * *     *       *         * * *   * * *   * * * *           * *     *   * * * *   * *         *   * *     * *     *   * 
*   * * *     * *       * * * *       *   *   * *     * *     *   * *     * * *     * * *         *   * *     * *               * *     * *   *   * * *     * * *   * *   * *     *       * * *   * *   
  *         * * * * * *   *   * * * *   *     *   * *   * *   * * *     *   *   *     * * * *   * * *   *   * * *           * *       * * * *     * *     * * * * * *   *           * * * *   * *   * * 
      * * *   * * * *     * * * * *   *     * * *   * * *     *       *     * * *   * *     *   *     *   *           *   *     *   * * *   * * * *           * * *   * *   * * * * * * * *         * * 
*     * *         * * *     * *   *   *   * * *   * * * *     *   * * *     *   *     * *     *   * * *   *   *   * *         * * * *   * *   *   *     * *       *   *   *   * * *   *   * * * * *     
* * * *     * * *     *     *   *   * *       * *     * *   * *             * * * * * * *     * *     *     *     *       *     *   * *   *   *         *     * *   * *           * *     * *           
* *   * *       * *     * * * * * * * *   *     *     *   * *   *         * *   * *     *       *   * *     * *   * * * * * *   *   * * *   * * *         * * * * * * * * * *   *       * *   *       * 
* * *   *   * * *   *   * * *     *       * *   * * *             * * * *   *           * * * *           * * * *     *     * *   * * *   * *   * * * * * *   * * *     *     * * * * * * *   * *   *   
  * * *       *   * * * * * *     *         * * * *   *   *   * * * * *     * *     *       *     *   * * *         * * *   * *   *   * * * *   * * * * *       * * *   *         *     * * * *   * * * 
    *     *     * *         * * * * *       * * * * *   * * *   * *     *   *     * *     *     * * * * *     * *   *       * * * * * *     *   *       * *   * * * * *       *   *     * * *       * * 
*   * *   * * * * * *           *     *     *   *   *     * * *       * *   *   * *   *   * * * * * *       *   *   * * * * * * *       *     *   *       * *     *       * *         *   *   *   * * * 
    *       * * * * *       *         *   *       *   *   *     *     * *       * *   * * *   * *     * * *   *     *   *   * *       *     *   * * *     * *     *   * * * *     * * *   * * * * *   * 
      * *         * * *   *   *   * *   * * * * * *   * *   *   *   *         *     * * * * * *     *   *     *   * *     * *     *   * * * * * *   * *     *   * * * * * *     * * *   * * * * * * *   
  * * * *   * *   *   * * *   *   * * *         *         *   *   * *   * *   *   *   *   * *       *   * *     *             * * *   * * *               * *                   *   * * *     * * *     
*   * *   *     * *   * *   * *       * *     *           * *   *     * * *   *     * *   *         *     * *   * * *   *   * * * * *     * *       *             * *       * *   * *     *       *   * 
* * *       *   * * *   *   * *     * * * *               * *     *   *   *     * *               *               * * * *           * * * * * * * * *   *   *       * *   * * *     * *   *         * * 
*   *   * * *     *         *       *   *     * * *         * * * *   *         *           * *   * * *       *         * *   *       *   * * *     * * *   * * *   * *   *   * * *         * *     * * 
    *   * * * *       * *     * *     *           *       *                       *     *   *   *     * * * *   * *   *     *     *   *   * *     *     *     *       *       *   *       * * *     * * 
*         *     *   * *     *     *   *     * *   *     *   *   *     *       * * * *             * * * * * *   *       *     * *   * *     *           * *   * *     *     *   * *             * *     
    *   * *       * * * *   * * *   *       * * * * *         * * *           * * * * * * *     * * * * * *   *   *     * * *       *     *       *     *   * * *   *       *     *         * *   * *   
    *     * *                   * *           *   * *   *     * * * *           * *   *     *   * *   * *   *     *         *   * * *           * *         * * *     * * *       * * *   *   * *       
* * *   *   *   * * * *   *         * *   * *         * *   * * * * * * *   * *     *         *   * *   * * *   * *   *         *   *   *   *       * *       *   * * *       * * *       *   * *     * 
* * * * *   *         * * *     * *                 *   * *         *   *       *   * * * * * *   *     * * * *     * *   *     *         *   *         *   *       * *         * *     * * *     *   * 
    *   * * *   * *   *   *     * *     *     *   * * * * *   * * * *     *   *           * * *   * * * * * * * * *   * *   *           *   * *     * * * * *   *   * *     * * * *   * * * *     * *   
        *     * * * * * * *     *     *     *     *       * *     * *     * * * *     * *   * * * * * *     *     * * *   * *           * * * *         *   * * *       *           *     *   *   * *   
    * * * * * * *   *     * *   * * * *     * * *   *   * * * * *   *         * *   * *       *     *     * *     * *     *   *   * * * *     *           *         * *       * *   *       *     * *   
*   *       *   * * * *   *     * * * *         *     * * *       * *     *       *   * * * *       *       * * *   *     *       *       * * * *   *     *   *     *     * *     *   * * *   * *   *   
  *     * * *   *   *   * * *   * *   * * *   * * *   * *       *   *           *           * * * * * * *   *   * * *     * * *   *     * *       *   * * * * * * *   *   *     * * *     *   * *   *   
              *   * * * *     * * *   * * * * * *   *       *       * * *   * * *   *       *           * * * * * * *   *   * *     *     *     *   *       *           *       *         *   * * * *   
      *     *           * *   *   * *     *     *     *         *     * * * *               *       * *   * *   *       * * *   *   *   * * * * *     * *               *     * *     *     * *   * * * 
*   * * * *     *     * * *           *     * * *   * *   *     *       * *   * *     *       *     * *             * * * * *       * *   *         *   * * * *   * * * * * *   * *   * * * *     * *   
*     * *     * *     *   * *       * *     * * * * * * * * *       * *   * *   * * *     * * *       * *     * *   *   * * * * *   *   *     *   * *   * *   *   * *               *     *   *     *   
*   * * *       * * * * *   *     *         *     * * * * *           *   *   * * *         * * *       * *       * *       * *   * *   * *       * *     *   *   * *   * * *   * * *   * * *   *     * 
*     *     * * *   *     * *       *   * * * *     *   *   *     *   * * * * * * *   *   *   *     * * * * *       *   * *   * * * * * * * * * *   * *   *           * *   *       * * *   * * *     * 
* *   * * * *   *   *   * *     *       * *     *     * * *     *     * *   *   * *   * *   *         *         * *     *     * *         *   * * *     *     *       *   * * *           * *   *   * * 
          *         *     *   * * *   * *           *     *   *               *       * *       * * *   * *                   * * * * *           * *   * *           *     *   * * *   * *     * * * * 
            * * *       *   *     * *   *     *       * *   * * * *         * * * * *     *   * * *     *     * * *   *                   * *   *   *     * *     * * * *   * *     * * *     *   *     
  *         *   *   *   *         * * * * * * *     * *     * *       *     *         *   * *   *     *   * *         * * * * *   *           *   *               * *   * * *     * * * * *       *   * 
* *   *     * *   *             * *     *         * *       *   * * * * *   *   *     * * * *                         * *     * * * *   * * * * * * *     *     * *   * *   *   *     * * *     * *     
    * * * *   * *   *   *     *     * * *   *     * *     *       *         * * * * *       *           * *   *     * *   * *   * * * *         *   *   *               *   *   * * *   * *     * * * * 
  * *   * * * * *     * * *               *   *               * * *       * * * * * *       *   * * *   *     * * *   *   * * *     * * * *     * * * *     *   * * *           * * *   * *   *     * * 
    *   * * * *   * *   * * * *       * *   *     *     * * * * *   * * *       *   *   * *   *     * *         * * * * * *     * *     * *   *       * *     *   *       * * * * * *             *   * 
  *     * *   * *   *   * * *       * * * * *   * * *   *       *         *   * *   *     * *       * *       * *         * * * * * * *   *   *     * * * *       * *   *   *       * * * * *   *     * 
  * *   *   * *   * * *   *   * * *       * *           *       *   * *   * * * *   *     *   *           *                 *     * *             * *   * *   * *   * *     *   *   *       *   *   *   
*     *           * *   * * *   * * *     *   * * * *   *     * *       *     * * *     * *     *         *       *     * *       * * * *       *   * * *   * * * *     * * * *   *   *     * * * * * * 

